/var/spool/slurmd/job47618974/slurm_script: line 30: realspace.inp: No such file or directory
