WARNING: Inversion symmetry is present only with a fractional translation.
Apply the translation so inversion is about the origin, to be able to use the real version.
WARNING: Inversion symmetry is present only with a fractional translation.
Apply the translation so inversion is about the origin, to be able to use the real version.
