 q0 vectors:
    1     0.00000000     0.00000000     0.00100000
 q1 vectors:
    2     0.00000000     0.00000000     0.00000000
    3     0.00000000     0.00000000     0.50000000
    4     0.00000000     0.50000000     0.50000000
 Running with verbosity level 1 (default).

 We will calculate polarizability with cutoff =      5.000 nvb =     4 ncb =     4
 We will skip transitions from the top     0 valence states to the bottom     0 conduction states

 Use |k-q> for valence states.

 Use GPP.

 VBM energy =      6.21420 eV
 CBM energy =      6.90396 eV
 Fermi energy =      6.55908 eV
 Use symmetries to expand the coarse grid sampling.
 Use symmetries to expand the shifted coarse grid sampling.
 construct little group of q

 Crystal wavefunctions read from file WFN:
 - Number of k-points in WFN: 3
 - Number of k-points in the full BZ of WFN: 8

 Crystal wavefunctions read from file WFNmq:
 - Number of k-points in WFNmq: 4
 - Number of k-points in the full BZ of WFNmq: 8

 More job parameters:
 - Number of valence bands: 4
 - Number of valence bands to skip: 0
 - Number of conduction bands: 4
 - Number of conduction bands to skip: 0
 - Number of spins: 1
 - FFTgrid =         17        17        17

 Initializing chi0mat.h5
 sFileName = chi0mat.h5
 Initializing chimat.h5
 sFileName = chimat.h5
 ======================================================================
     1 /    4      q =         0.0000000000        0.0000000000        0.0010000000
 ======================================================================

 |q| =      0.00106058 Bohr^{-1}
 This is the special q->0 point.

 Rank of the polarizability matrix (nmtx): 59

 chi_noeh(  G =     0    0    0, Gp =     0    0    0 ) =     -0.00000246     0.00000000
 chi_noeh(  G =    -1   -1   -1, Gp =    -1   -1   -1 ) =     -0.01674799     0.00000000
 chi_noeh(  G =     0    0    0, Gp =    -1   -1   -1 ) =      0.00000939     0.00000939
 ======================================================================
     2 /    4      q =         0.0000000000        0.0000000000        0.0000000000
 ======================================================================

 |q| =      0.00000000 Bohr^{-1}
 This is a regular non-zero q-point.

 Rank of the polarizability matrix (nmtx): 59

 chi_noeh(  G =     0    0    0, Gp =     0    0    0 ) =     -0.00000000    -0.00000000
 chi_noeh(  G =    -1   -1   -1, Gp =    -1   -1   -1 ) =     -0.01673410     0.00000000
 chi_noeh(  G =     0    0    0, Gp =    -1   -1   -1 ) =     -0.00000000     0.00000000
 ======================================================================
     3 /    4      q =         0.0000000000        0.0000000000        0.5000000000
 ======================================================================

 |q| =      0.53028800 Bohr^{-1}
 This is a regular non-zero q-point.

 Rank of the polarizability matrix (nmtx): 52

 chi_noeh(  G =     0    0    0, Gp =     0    0    0 ) =     -0.01937818    -0.00000000
 chi_noeh(  G =    -1   -1   -1, Gp =    -1   -1   -1 ) =     -0.02415700     0.00000000
 chi_noeh(  G =     0    0    0, Gp =    -1   -1   -1 ) =     -0.00264776    -0.00264776
 ======================================================================
     4 /    4      q =         0.0000000000        0.5000000000        0.5000000000
 ======================================================================

 |q| =      0.61232384 Bohr^{-1}
 This is a regular non-zero q-point.

 Rank of the polarizability matrix (nmtx): 48

 chi_noeh(  G =     0    0    0, Gp =     0    0    0 ) =     -0.02731326     0.00000000
 chi_noeh(  G =    -1   -1   -1, Gp =    -1   -1   -1 ) =     -0.02473109     0.00000000
 chi_noeh(  G =     0    0    0, Gp =    -1   -1   -1 ) =      0.00037550     0.00037550
 
                             CPU (s)        WALL (s)          #
 
 INPUT_CHI:      (min.)        0.010           0.297          1
                 (PE 0)        0.010           0.297
                 (max.)        0.010           0.297
 GENWF:          (min.)        0.140           0.103         64
                 (PE 0)        0.140           0.103
                 (max.)        0.140           0.103
 GET_MDAT:       (min.)        0.020           0.303         32
                 (PE 0)        0.020           0.303
                 (max.)        0.020           0.303
 GET_CHI:        (min.)        0.000           0.120          4
                 (PE 0)        0.000           0.120
                 (max.)        0.000           0.120
 OUTPUT_CHI:     (min.)        0.000           0.013          4
                 (PE 0)        0.000           0.013
                 (max.)        0.000           0.013
 TOTAL:          (min.)        0.200           0.963          1
                 (PE 0)        0.200           0.963
                 (max.)        0.200           0.963
